// Vitest Snapshot v1, https://vitest.dev/guide/snapshot.html

exports[`a pagina de adicionar nome > deve ser renderizada corretamente 1`] = `
<div>
  <section
    class="sc-gtLWhw kLWIDP"
  >
    <h1
      class="sc-egkSDF ggtMEJ"
    >
      Vamos come√ßar!
    </h1>
    <form
      class="sc-khLCKb bNYEiN"
    >
      <img
        class="sc-ivxoEo QgBzq"
        src="images/pessoa.png"
      />
      <input
        class="sc-blHHSb sc-fAUdSK eTXDzb ekIsde"
        placeholder="Insira os nomes do participantes"
        type="text"
        value=""
      />
      <button
        class="sc-blHHSb sc-dstKZu eTXDzb hMKzeZ"
        disabled=""
      >
        Adicionar
      </button>
    </form>
    <ul
      class="sc-keTIit cYqhjR"
    />
    <footer
      class="sc-ixGGxD cpLWuJ"
    >
      <img
        class="sc-ghWlax cdTRKE"
        src="images/play-icone.png"
      />
      <button
        class="sc-blHHSb sc-dntaoT eTXDzb cPeHyE"
        disabled=""
      >
        Iniciar brincadeira!
      </button>
      <img
        alt=""
        src="images/sacola.png"
      />
    </footer>
  </section>
</div>
`;
